=== DOCKER STDOUT ===
2026-08-03T12:30:35.997251965Z 
2026-08-03T12:30:35.997305662Z   .   ____          _            __ _ _
2026-08-03T12:30:35.997309126Z  /\\ / ___'_ __ _ _(_)_ __  __ _ \ \ \ \
2026-08-03T12:30:35.997311602Z ( ( )\___ | '_ | '_| | '_ \/ _` | \ \ \ \
2026-08-03T12:30:35.997391535Z  \\/  ___)| |_)| | | | | || (_| |  ) ) ) )
2026-08-03T12:30:35.997396317Z   '  |____| .__|_| |_|_| |_\__, | / / / /
2026-08-03T12:30:35.997600865Z  =========|_|==============|___/=/_/_/_/
2026-08-03T12:30:35.999773500Z  :: Spring Boot ::                (v2.7.9)
2026-08-03T12:30:35.999787781Z 
2026-08-03T12:30:36.177295305Z 2026-08-03 21:30:36.173  INFO 1 --- [           main] c.e.d.DoEngGameFluxApplication           : Starting DoEngGameFluxApplication using Java 11.0.31 on 49af3e8f3ab4 with PID 1 (/app/app.jar started by root in /app)
2026-08-03T12:30:36.178330671Z 2026-08-03 21:30:36.177  INFO 1 --- [           main] c.e.d.DoEngGameFluxApplication           : The following 1 profile is active: "experiment"
2026-08-03T12:30:37.880179519Z 2026-08-03 21:30:37.879  INFO 1 --- [           main] .s.d.r.c.RepositoryConfigurationDelegate : Multiple Spring Data modules found, entering strict repository configuration mode
2026-08-03T12:30:37.884428441Z 2026-08-03 21:30:37.883  INFO 1 --- [           main] .s.d.r.c.RepositoryConfigurationDelegate : Bootstrapping Spring Data R2DBC repositories in DEFAULT mode.
2026-08-03T12:30:38.192045242Z 2026-08-03 21:30:38.191  INFO 1 --- [           main] .s.d.r.c.RepositoryConfigurationDelegate : Finished Spring Data repository scanning in 298 ms. Found 2 R2DBC repository interfaces.
2026-08-03T12:30:42.253376706Z 2026-08-03 21:30:42.252  INFO 1 --- [           main] o.s.b.web.embedded.netty.NettyWebServer  : Netty started on port 8000
2026-08-03T12:30:42.348435018Z 2026-08-03 21:30:42.347  INFO 1 --- [           main] o.s.b.a.e.web.EndpointLinksResolver      : Exposing 6 endpoint(s) beneath base path '/actuator'
2026-08-03T12:30:42.394112676Z 2026-08-03 21:30:42.393  INFO 1 --- [           main] o.s.b.web.embedded.netty.NettyWebServer  : Netty started on port 9091
2026-08-03T12:30:42.428839090Z 2026-08-03 21:30:42.427  INFO 1 --- [           main] c.e.d.DoEngGameFluxApplication           : Started DoEngGameFluxApplication in 7.727 seconds (JVM running for 8.916)

=== DOCKER STDERR ===
2026-08-03T12:30:33.517640909Z Picked up JAVA_TOOL_OPTIONS: -Xms512m -Xmx2048m -XX:+UseG1GC
