#1 [internal] load local bake definitions
#1 reading from stdin 1.35kB 0.0s done
#1 DONE 0.0s

#2 [experiment-mock internal] load build definition from Dockerfile
#2 transferring dockerfile: 160B done
#2 DONE 0.0s

#3 [mvc internal] load build definition from Dockerfile.experiment
#3 transferring dockerfile: 413B done
#3 DONE 0.1s

#4 [experiment-mock internal] load metadata for docker.io/library/node:20-alpine
#4 DONE 0.1s

#5 [mvc internal] load metadata for docker.io/library/gradle:7.6.1-jdk11
#5 DONE 0.1s

#6 [mvc internal] load metadata for docker.io/library/eclipse-temurin:11-jdk
#6 DONE 0.1s

#7 [experiment-mock internal] load .dockerignore
#7 transferring context: 2B done
#7 DONE 0.0s

#8 [mvc internal] load .dockerignore
#8 transferring context: 2B done
#8 DONE 0.0s

#9 [mvc internal] load build context
#9 DONE 0.0s

#10 [experiment-mock internal] load build context
#10 transferring context: 31B done
#10 DONE 0.0s

#11 [experiment-mock 1/3] FROM docker.io/library/node:20-alpine@sha256:fb4cd12c85ee03686f6af5362a0b0d56d50c58a04632e6c0fb8363f609372293
#11 resolve docker.io/library/node:20-alpine@sha256:fb4cd12c85ee03686f6af5362a0b0d56d50c58a04632e6c0fb8363f609372293 0.1s done
#11 DONE 0.1s

#12 [experiment-mock 2/3] WORKDIR /app
#12 CACHED

#13 [experiment-mock 3/3] COPY server.js .
#13 CACHED

#14 [mvc stage-1 1/3] FROM docker.io/library/eclipse-temurin:11-jdk@sha256:51cad80517b1e18e289460e0a48657374d17711c83270263054a4a22cc1a992a
#14 resolve docker.io/library/eclipse-temurin:11-jdk@sha256:51cad80517b1e18e289460e0a48657374d17711c83270263054a4a22cc1a992a 0.1s done
#14 DONE 0.1s

#15 [mvc builder 1/5] FROM docker.io/library/gradle:7.6.1-jdk11@sha256:85ab03e26bb948e85abc1a4996abde0fc8561721d1a271d0a83e194c5dbacd29
#15 resolve docker.io/library/gradle:7.6.1-jdk11@sha256:85ab03e26bb948e85abc1a4996abde0fc8561721d1a271d0a83e194c5dbacd29 0.1s done
#15 DONE 0.1s

#9 [mvc internal] load build context
#9 transferring context: 3.05kB done
#9 DONE 0.0s

#16 [mvc stage-1 2/3] WORKDIR /app
#16 CACHED

#17 [mvc builder 2/5] WORKDIR /workspace
#17 CACHED

#18 [mvc builder 4/5] COPY src src
#18 CACHED

#19 [mvc builder 3/5] COPY build.gradle settings.gradle ./
#19 CACHED

#20 [mvc builder 5/5] RUN gradle clean bootJar -x test --no-daemon
#20 CACHED

#21 [experiment-mock] exporting to image
#21 exporting layers done
#21 exporting manifest sha256:c031c9467444a30e3bad9c1771acacfcc84112743fd6e08352b978e9c547ac76 0.1s done
#21 exporting config sha256:4b4a1ef16232dde92564bb18b7d433c36da5eb95fcb799c4a443107f5d4c7bb9
#21 ...

#22 [mvc stage-1 3/3] COPY --from=builder /workspace/build/libs/doEngGameMvc-0.0.1-SNAPSHOT.jar app.jar
#22 CACHED

#21 [experiment-mock] exporting to image
#21 exporting config sha256:4b4a1ef16232dde92564bb18b7d433c36da5eb95fcb799c4a443107f5d4c7bb9 0.0s done
#21 exporting attestation manifest sha256:3ec1fc43d178b0a83f0472eaf4db26ac10961930d1121b000f978bd8334114d5
#21 exporting attestation manifest sha256:3ec1fc43d178b0a83f0472eaf4db26ac10961930d1121b000f978bd8334114d5 0.3s done
#21 exporting manifest list sha256:ac482cbd4a4141a7916c265fc27ea5cb34420796a1738b3b9c5e68f74cb6f2ce 0.1s done
#21 naming to docker.io/library/doeng-service3s-mvc400-experiment-mock:latest
#21 naming to docker.io/library/doeng-service3s-mvc400-experiment-mock:latest 0.0s done
#21 unpacking to docker.io/library/doeng-service3s-mvc400-experiment-mock:latest 0.0s done
#21 DONE 0.7s

#23 [mvc] exporting to image
#23 exporting layers done
#23 exporting manifest sha256:fda226f6e4a0638af38d47bf5519e2ac21b949f048e0db6789ada09b8cd36479 0.1s done
#23 exporting config sha256:5caff1852a0f1e49bdabd50dcf042002a7a4ee108a968150edeb22ecee0afcad 0.2s done
#23 exporting attestation manifest sha256:51cade6c1f5cb54596257ae5da7d5990bea98bbf01520b3986af0999bc062ba6 0.1s done
#23 exporting manifest list sha256:6baf9f14340fd1a900a71040c85398c49d8755bc026032892fccefa1e3ed439f 0.0s done
#23 naming to docker.io/library/doeng-service3s-mvc400-mvc:latest 0.0s done
#23 unpacking to docker.io/library/doeng-service3s-mvc400-mvc:latest
#23 unpacking to docker.io/library/doeng-service3s-mvc400-mvc:latest 0.0s done
#23 DONE 0.7s

#24 [experiment-mock] resolving provenance for metadata file
#24 DONE 0.0s

#25 [mvc] resolving provenance for metadata file
#25 DONE 0.0s
