=== DOCKER STDOUT ===
2026-08-03T12:30:58.791675723Z 
2026-08-03T12:30:58.791955894Z   .   ____          _            __ _ _
2026-08-03T12:30:58.791965415Z  /\\ / ___'_ __ _ _(_)_ __  __ _ \ \ \ \
2026-08-03T12:30:58.791969854Z ( ( )\___ | '_ | '_| | '_ \/ _` | \ \ \ \
2026-08-03T12:30:58.791972578Z  \\/  ___)| |_)| | | | | || (_| |  ) ) ) )
2026-08-03T12:30:58.791974723Z   '  |____| .__|_| |_|_| |_\__, | / / / /
2026-08-03T12:30:58.791976882Z  =========|_|==============|___/=/_/_/_/
2026-08-03T12:30:58.792359874Z  :: Spring Boot ::                (v2.7.9)
2026-08-03T12:30:58.792382017Z 
2026-08-03T12:30:58.983267260Z 2026-08-03 21:30:58.977  INFO 1 --- [           main] c.e.d.DoEngGameFluxApplication           : Starting DoEngGameFluxApplication using Java 11.0.31 on 2bce1b8b9772 with PID 1 (/app/app.jar started by root in /app)
2026-08-03T12:30:58.984036617Z 2026-08-03 21:30:58.983  INFO 1 --- [           main] c.e.d.DoEngGameFluxApplication           : The following 1 profile is active: "experiment"
2026-08-03T12:31:00.553309258Z 2026-08-03 21:31:00.552  INFO 1 --- [           main] .s.d.r.c.RepositoryConfigurationDelegate : Multiple Spring Data modules found, entering strict repository configuration mode
2026-08-03T12:31:00.558875548Z 2026-08-03 21:31:00.557  INFO 1 --- [           main] .s.d.r.c.RepositoryConfigurationDelegate : Bootstrapping Spring Data R2DBC repositories in DEFAULT mode.
2026-08-03T12:31:00.804858882Z 2026-08-03 21:31:00.804  INFO 1 --- [           main] .s.d.r.c.RepositoryConfigurationDelegate : Finished Spring Data repository scanning in 237 ms. Found 2 R2DBC repository interfaces.
2026-08-03T12:31:04.487530874Z 2026-08-03 21:31:04.486  INFO 1 --- [           main] o.s.b.web.embedded.netty.NettyWebServer  : Netty started on port 8000
2026-08-03T12:31:04.588140870Z 2026-08-03 21:31:04.587  INFO 1 --- [           main] o.s.b.a.e.web.EndpointLinksResolver      : Exposing 6 endpoint(s) beneath base path '/actuator'
2026-08-03T12:31:04.681868432Z 2026-08-03 21:31:04.681  INFO 1 --- [           main] o.s.b.web.embedded.netty.NettyWebServer  : Netty started on port 9091
2026-08-03T12:31:04.700009175Z 2026-08-03 21:31:04.699  INFO 1 --- [           main] c.e.d.DoEngGameFluxApplication           : Started DoEngGameFluxApplication in 6.889 seconds (JVM running for 7.634)

=== DOCKER STDERR ===
2026-08-03T12:30:57.066264905Z Picked up JAVA_TOOL_OPTIONS: -Xms512m -Xmx2048m -XX:+UseG1GC
