#1 [internal] load local bake definitions
#1 reading from stdin 1.40kB 0.0s done
#1 DONE 0.0s

#2 [flux-corrected internal] load build definition from Dockerfile.experiment
#2 transferring dockerfile: 538B done
#2 DONE 0.0s

#3 [experiment-mock internal] load build definition from Dockerfile
#3 transferring dockerfile: 160B done
#3 DONE 0.0s

#4 [experiment-mock internal] load metadata for docker.io/library/node:20-alpine
#4 DONE 0.1s

#5 [flux-corrected internal] load metadata for docker.io/library/eclipse-temurin:11-jdk
#5 DONE 0.1s

#6 [experiment-mock internal] load .dockerignore
#6 transferring context: 2B done
#6 DONE 0.0s

#7 [flux-corrected internal] load .dockerignore
#7 transferring context: 2B done
#7 DONE 0.1s

#8 [flux-corrected internal] load build context
#8 DONE 0.0s

#9 [experiment-mock internal] load build context
#9 transferring context: 31B done
#9 DONE 0.1s

#10 [flux-corrected builder 1/7] FROM docker.io/library/eclipse-temurin:11-jdk@sha256:51cad80517b1e18e289460e0a48657374d17711c83270263054a4a22cc1a992a
#10 resolve docker.io/library/eclipse-temurin:11-jdk@sha256:51cad80517b1e18e289460e0a48657374d17711c83270263054a4a22cc1a992a
#10 resolve docker.io/library/eclipse-temurin:11-jdk@sha256:51cad80517b1e18e289460e0a48657374d17711c83270263054a4a22cc1a992a 0.1s done
#10 DONE 0.1s

#11 [experiment-mock 1/3] FROM docker.io/library/node:20-alpine@sha256:fb4cd12c85ee03686f6af5362a0b0d56d50c58a04632e6c0fb8363f609372293
#11 resolve docker.io/library/node:20-alpine@sha256:fb4cd12c85ee03686f6af5362a0b0d56d50c58a04632e6c0fb8363f609372293 0.1s done
#11 DONE 0.1s

#12 [experiment-mock 2/3] WORKDIR /app
#12 CACHED

#13 [experiment-mock 3/3] COPY server.js .
#13 CACHED

#8 [flux-corrected internal] load build context
#8 transferring context: 9.49kB 0.0s done
#8 DONE 0.0s

#14 [experiment-mock] exporting to image
#14 exporting layers done
#14 exporting manifest sha256:7e8ca1ba5fababf678691b904ee6268c9ff473c0adab45cc0cc04e55e044bcfa done
#14 exporting config sha256:0a6f4ebd746ea2b1aecb3bfcf05817dd4feadc8fc5b8878aad9e40ea6da8533a done
#14 exporting attestation manifest sha256:ebdfdae0c1a6793c08843f9aa6424ea07252831e9255b5b81f1475f4cf8a51a0
#14 ...

#15 [flux-corrected builder 3/7] COPY gradlew gradlew.bat build.gradle settings.gradle ./
#15 CACHED

#16 [flux-corrected builder 6/7] COPY src src
#16 CACHED

#17 [flux-corrected stage-1 2/3] WORKDIR /app
#17 CACHED

#18 [flux-corrected builder 2/7] WORKDIR /workspace
#18 CACHED

#19 [flux-corrected builder 4/7] COPY gradle gradle
#19 CACHED

#20 [flux-corrected builder 5/7] RUN sed -i 's/\r$//' gradlew     && chmod +x gradlew
#20 CACHED

#21 [flux-corrected builder 7/7] RUN ./gradlew clean bootJar -x test --no-daemon
#21 CACHED

#22 [flux-corrected stage-1 3/3] COPY --from=builder /workspace/build/libs/doEngGameFlux-0.0.1-SNAPSHOT.jar app.jar
#22 CACHED

#14 [experiment-mock] exporting to image
#14 exporting attestation manifest sha256:ebdfdae0c1a6793c08843f9aa6424ea07252831e9255b5b81f1475f4cf8a51a0 0.3s done
#14 exporting manifest list sha256:dacc4519349e2edec561f653cfa4358bd424b8e62ab0c038507a0cf99d4ab5dc
#14 exporting manifest list sha256:dacc4519349e2edec561f653cfa4358bd424b8e62ab0c038507a0cf99d4ab5dc 0.1s done
#14 naming to docker.io/library/doeng-service3s-webflux-experiment-mock:latest 0.0s done
#14 unpacking to docker.io/library/doeng-service3s-webflux-experiment-mock:latest 0.0s done
#14 DONE 0.5s

#23 [flux-corrected] exporting to image
#23 exporting layers done
#23 exporting manifest sha256:cfeb8661867508e363a69ef5ca2a65311e31d5d2a0bfca8c1d216d360ae4dc7a 0.0s done
#23 exporting config sha256:0a5d0561ea603d9eb2d292379e43403e49e606bc3eb038a0633ccc0479701c22 0.0s done
#23 exporting attestation manifest sha256:41662213f219e26b12edb13c42825fa484fefd7e6148ae0d7d2739278e91fc1f 0.1s done
#23 exporting manifest list sha256:9df1eac62500c12d398f965d232e5a7f61b5942e0a90f47fa8a3acff64bd1fe9 0.0s done
#23 naming to docker.io/library/doeng-service3s-webflux-flux-corrected:latest 0.0s done
#23 unpacking to docker.io/library/doeng-service3s-webflux-flux-corrected:latest 0.0s done
#23 DONE 0.6s

#24 [experiment-mock] resolving provenance for metadata file
#24 DONE 0.0s

#25 [flux-corrected] resolving provenance for metadata file
#25 DONE 0.0s
